Archive member included to satisfy reference by file (symbol)

c:/intelfpga_lite/18.1/nios2eds/bin/gnu/h-x86_64-mingw32/bin/../lib/gcc/nios2-elf/5.3.0/mno-hw-mul\libgcc.a(lib2-mul.o)
                              obj/default/main.o (__mulsi3)
c:/intelfpga_lite/18.1/nios2eds/bin/gnu/h-x86_64-mingw32/bin/../lib/gcc/nios2-elf/5.3.0/../../../../../H-x86_64-mingw32/nios2-elf/lib/mno-hw-mul\libsmallc.a(lib_a-memcpy.o)
                              obj/default/main.o (memcpy)
c:/intelfpga_lite/18.1/nios2eds/bin/gnu/h-x86_64-mingw32/bin/../lib/gcc/nios2-elf/5.3.0/../../../../../H-x86_64-mingw32/nios2-elf/lib/mno-hw-mul\libsmallc.a(lib_a-strlen.o)
                              obj/default/main.o (strlen)
../ProjetoVersao4Problema2_bsp/\libhal_bsp.a(alt_load.o)
                              ../ProjetoVersao4Problema2_bsp//obj/HAL/src/crt0.o (alt_load)
../ProjetoVersao4Problema2_bsp/\libhal_bsp.a(alt_main.o)
                              ../ProjetoVersao4Problema2_bsp//obj/HAL/src/crt0.o (alt_main)
../ProjetoVersao4Problema2_bsp/\libhal_bsp.a(alt_putstr.o)
                              obj/default/main.o (alt_putstr)
../ProjetoVersao4Problema2_bsp/\libhal_bsp.a(alt_usleep.o)
                              obj/default/main.o (usleep)
../ProjetoVersao4Problema2_bsp/\libhal_bsp.a(alt_sys_init.o)
                              ../ProjetoVersao4Problema2_bsp/\libhal_bsp.a(alt_main.o) (alt_irq_init)
../ProjetoVersao4Problema2_bsp/\libhal_bsp.a(altera_avalon_uart_write.o)
                              ../ProjetoVersao4Problema2_bsp/\libhal_bsp.a(alt_putstr.o) (altera_avalon_uart_write)
../ProjetoVersao4Problema2_bsp/\libhal_bsp.a(alt_busy_sleep.o)
                              ../ProjetoVersao4Problema2_bsp/\libhal_bsp.a(alt_usleep.o) (alt_busy_sleep)
../ProjetoVersao4Problema2_bsp/\libhal_bsp.a(alt_dcache_flush_all.o)
                              ../ProjetoVersao4Problema2_bsp/\libhal_bsp.a(alt_load.o) (alt_dcache_flush_all)
../ProjetoVersao4Problema2_bsp/\libhal_bsp.a(alt_errno.o)
                              ../ProjetoVersao4Problema2_bsp/\libhal_bsp.a(altera_avalon_uart_write.o) (alt_errno)
../ProjetoVersao4Problema2_bsp/\libhal_bsp.a(alt_icache_flush_all.o)
                              ../ProjetoVersao4Problema2_bsp/\libhal_bsp.a(alt_load.o) (alt_icache_flush_all)
../ProjetoVersao4Problema2_bsp/\libhal_bsp.a(altera_nios2_qsys_irq.o)
                              ../ProjetoVersao4Problema2_bsp/\libhal_bsp.a(alt_sys_init.o) (altera_nios2_qsys_irq_init)
c:/intelfpga_lite/18.1/nios2eds/bin/gnu/h-x86_64-mingw32/bin/../lib/gcc/nios2-elf/5.3.0/../../../../../H-x86_64-mingw32/nios2-elf/lib/mno-hw-mul\libsmallc.a(lib_a-int_errno.o)
                              ../ProjetoVersao4Problema2_bsp/\libhal_bsp.a(altera_avalon_uart_write.o) (errno)
c:/intelfpga_lite/18.1/nios2eds/bin/gnu/h-x86_64-mingw32/bin/../lib/gcc/nios2-elf/5.3.0/mno-hw-mul\libgcc.a(lib2-divmod.o)
                              ../ProjetoVersao4Problema2_bsp/\libhal_bsp.a(alt_busy_sleep.o) (__udivsi3)

Allocating common symbols
Common symbol       size              file

errno               0x4               c:/intelfpga_lite/18.1/nios2eds/bin/gnu/h-x86_64-mingw32/bin/../lib/gcc/nios2-elf/5.3.0/../../../../../H-x86_64-mingw32/nios2-elf/lib/mno-hw-mul\libsmallc.a(lib_a-int_errno.o)

Memory Configuration

Name             Origin             Length             Attributes
reset            0x0000000000010000 0x0000000000000020
onchip_memory2_0 0x0000000000010020 0x0000000000009c80
*default*        0x0000000000000000 0xffffffffffffffff

Linker script and memory map

LOAD ../ProjetoVersao4Problema2_bsp//obj/HAL/src/crt0.o
LOAD obj/default/main.o
LOAD c:/intelfpga_lite/18.1/nios2eds/bin/gnu/h-x86_64-mingw32/bin/../lib/gcc/nios2-elf/5.3.0/../../../../../H-x86_64-mingw32/nios2-elf/lib/mno-hw-mul\libstdc++.a
LOAD c:/intelfpga_lite/18.1/nios2eds/bin/gnu/h-x86_64-mingw32/bin/../lib/gcc/nios2-elf/5.3.0/../../../../../H-x86_64-mingw32/nios2-elf/lib/mno-hw-mul\libm.a
LOAD c:/intelfpga_lite/18.1/nios2eds/bin/gnu/h-x86_64-mingw32/bin/../lib/gcc/nios2-elf/5.3.0/mno-hw-mul\libgcc.a
START GROUP
LOAD c:/intelfpga_lite/18.1/nios2eds/bin/gnu/h-x86_64-mingw32/bin/../lib/gcc/nios2-elf/5.3.0/../../../../../H-x86_64-mingw32/nios2-elf/lib/mno-hw-mul\libsmallc.a
LOAD c:/intelfpga_lite/18.1/nios2eds/bin/gnu/h-x86_64-mingw32/bin/../lib/gcc/nios2-elf/5.3.0/mno-hw-mul\libgcc.a
LOAD ../ProjetoVersao4Problema2_bsp/\libhal_bsp.a
LOAD c:/intelfpga_lite/18.1/nios2eds/bin/gnu/h-x86_64-mingw32/bin/../lib/gcc/nios2-elf/5.3.0/../../../../../H-x86_64-mingw32/nios2-elf/lib/mno-hw-mul\libm.a
END GROUP
LOAD c:/intelfpga_lite/18.1/nios2eds/bin/gnu/h-x86_64-mingw32/bin/../lib/gcc/nios2-elf/5.3.0/mno-hw-mul\libgcc.a
                0x0000000000010000                __alt_mem_onchip_memory2_0 = 0x10000

.entry          0x0000000000010000       0x20
 *(.entry)
 .entry         0x0000000000010000       0x20 ../ProjetoVersao4Problema2_bsp//obj/HAL/src/crt0.o
                0x0000000000010000                __reset
                0x000000000001000c                _exit

.exceptions     0x0000000000010020        0x0
                0x0000000000010020                PROVIDE (__ram_exceptions_start, ABSOLUTE (.))
                0x0000000000010020                . = ALIGN (0x20)
 *(.irq)
 *(.exceptions.entry.label)
 *(.exceptions.entry.user)
 *(.exceptions.entry.ecc_fatal)
 *(.exceptions.entry)
 *(.exceptions.irqtest.user)
 *(.exceptions.irqtest)
 *(.exceptions.irqhandler.user)
 *(.exceptions.irqhandler)
 *(.exceptions.irqreturn.user)
 *(.exceptions.irqreturn)
 *(.exceptions.notirq.label)
 *(.exceptions.notirq.user)
 *(.exceptions.notirq)
 *(.exceptions.soft.user)
 *(.exceptions.soft)
 *(.exceptions.unknown.user)
 *(.exceptions.unknown)
 *(.exceptions.exit.label)
 *(.exceptions.exit.user)
 *(.exceptions.exit)
 *(.exceptions)
                0x0000000000010020                PROVIDE (__ram_exceptions_end, ABSOLUTE (.))
                0x0000000000010020                PROVIDE (__flash_exceptions_start, LOADADDR (.exceptions))

.text           0x0000000000010020      0xb94
                [!provide]                        PROVIDE (stext, ABSOLUTE (.))
 *(.interp)
 *(.hash)
 *(.dynsym)
 *(.dynstr)
 *(.gnu.version)
 *(.gnu.version_d)
 *(.gnu.version_r)
 *(.rel.init)
 *(.rela.init)
 *(.rel.text .rel.text.* .rel.gnu.linkonce.t.*)
 *(.rela.text .rela.text.* .rela.gnu.linkonce.t.*)
 *(.rel.fini)
 *(.rela.fini)
 *(.rel.rodata .rel.rodata.* .rel.gnu.linkonce.r.*)
 *(.rela.rodata .rela.rodata.* .rela.gnu.linkonce.r.*)
 *(.rel.data .rel.data.* .rel.gnu.linkonce.d.*)
 *(.rela.data .rela.data.* .rela.gnu.linkonce.d.*)
 *(.rel.tdata .rel.tdata.* .rel.gnu.linkonce.td.*)
 *(.rela.tdata .rela.tdata.* .rela.gnu.linkonce.td.*)
 *(.rel.tbss .rel.tbss.* .rel.gnu.linkonce.tb.*)
 *(.rela.tbss .rela.tbss.* .rela.gnu.linkonce.tb.*)
 *(.rel.ctors)
 *(.rela.ctors)
 *(.rel.dtors)
 *(.rela.dtors)
 *(.rel.got)
 *(.rela.got)
 *(.rel.sdata .rel.sdata.* .rel.gnu.linkonce.s.*)
 *(.rela.sdata .rela.sdata.* .rela.gnu.linkonce.s.*)
 *(.rel.sbss .rel.sbss.* .rel.gnu.linkonce.sb.*)
 *(.rela.sbss .rela.sbss.* .rela.gnu.linkonce.sb.*)
 *(.rel.sdata2 .rel.sdata2.* .rel.gnu.linkonce.s2.*)
 *(.rela.sdata2 .rela.sdata2.* .rela.gnu.linkonce.s2.*)
 *(.rel.sbss2 .rel.sbss2.* .rel.gnu.linkonce.sb2.*)
 *(.rela.sbss2 .rela.sbss2.* .rela.gnu.linkonce.sb2.*)
 *(.rel.bss .rel.bss.* .rel.gnu.linkonce.b.*)
 *(.rela.bss .rela.bss.* .rela.gnu.linkonce.b.*)
 *(.rel.plt)
 *(.rela.plt)
 *(.rel.dyn)
 *(.init)
 *(.plt)
 *(.text .stub .text.* .gnu.linkonce.t.*)
 .text          0x0000000000010020       0x3c ../ProjetoVersao4Problema2_bsp//obj/HAL/src/crt0.o
                0x0000000000010020                _start
 .text          0x000000000001005c      0x4e8 obj/default/main.o
                0x000000000001005c                leituraUart
                0x00000000000100a0                mandeComandoSend
                0x000000000001017c                conectaMQTT
                0x0000000000010234                mandeComando
                0x000000000001029c                esperar
                0x00000000000102a8                acendeLed
                0x000000000001033c                iniciaLCD
                0x0000000000010424                escreveLCD
 .text.startup  0x0000000000010544      0x1c8 obj/default/main.o
                0x0000000000010544                main
 .text          0x000000000001070c       0x28 c:/intelfpga_lite/18.1/nios2eds/bin/gnu/h-x86_64-mingw32/bin/../lib/gcc/nios2-elf/5.3.0/mno-hw-mul\libgcc.a(lib2-mul.o)
                0x000000000001070c                __mulsi3
 .text          0x0000000000010734        0x0 c:/intelfpga_lite/18.1/nios2eds/bin/gnu/h-x86_64-mingw32/bin/../lib/gcc/nios2-elf/5.3.0/../../../../../H-x86_64-mingw32/nios2-elf/lib/mno-hw-mul\libsmallc.a(lib_a-memcpy.o)
 .text.memcpy   0x0000000000010734       0x28 c:/intelfpga_lite/18.1/nios2eds/bin/gnu/h-x86_64-mingw32/bin/../lib/gcc/nios2-elf/5.3.0/../../../../../H-x86_64-mingw32/nios2-elf/lib/mno-hw-mul\libsmallc.a(lib_a-memcpy.o)
                0x0000000000010734                memcpy
 .text          0x000000000001075c        0x0 c:/intelfpga_lite/18.1/nios2eds/bin/gnu/h-x86_64-mingw32/bin/../lib/gcc/nios2-elf/5.3.0/../../../../../H-x86_64-mingw32/nios2-elf/lib/mno-hw-mul\libsmallc.a(lib_a-strlen.o)
 .text.strlen   0x000000000001075c       0x1c c:/intelfpga_lite/18.1/nios2eds/bin/gnu/h-x86_64-mingw32/bin/../lib/gcc/nios2-elf/5.3.0/../../../../../H-x86_64-mingw32/nios2-elf/lib/mno-hw-mul\libsmallc.a(lib_a-strlen.o)
                0x000000000001075c                strlen
 .text          0x0000000000010778       0xe0 ../ProjetoVersao4Problema2_bsp/\libhal_bsp.a(alt_load.o)
                0x0000000000010778                alt_load
 .text          0x0000000000010858       0x2c ../ProjetoVersao4Problema2_bsp/\libhal_bsp.a(alt_main.o)
                0x0000000000010858                alt_main
 .text          0x0000000000010884       0x38 ../ProjetoVersao4Problema2_bsp/\libhal_bsp.a(alt_putstr.o)
                0x0000000000010884                alt_putstr
 .text          0x00000000000108bc        0x4 ../ProjetoVersao4Problema2_bsp/\libhal_bsp.a(alt_usleep.o)
                0x00000000000108bc                usleep
 .text          0x00000000000108c0       0x24 ../ProjetoVersao4Problema2_bsp/\libhal_bsp.a(alt_sys_init.o)
                0x00000000000108c0                alt_irq_init
                0x00000000000108e0                alt_sys_init
 .text          0x00000000000108e4       0x84 ../ProjetoVersao4Problema2_bsp/\libhal_bsp.a(altera_avalon_uart_write.o)
                0x00000000000108e4                altera_avalon_uart_write
 .text          0x0000000000010968       0x88 ../ProjetoVersao4Problema2_bsp/\libhal_bsp.a(alt_busy_sleep.o)
                0x0000000000010968                alt_busy_sleep
 .text          0x00000000000109f0        0x4 ../ProjetoVersao4Problema2_bsp/\libhal_bsp.a(alt_dcache_flush_all.o)
                0x00000000000109f0                alt_dcache_flush_all
 .text          0x00000000000109f4        0x0 ../ProjetoVersao4Problema2_bsp/\libhal_bsp.a(alt_errno.o)
 .text          0x00000000000109f4        0x4 ../ProjetoVersao4Problema2_bsp/\libhal_bsp.a(alt_icache_flush_all.o)
                0x00000000000109f4                alt_icache_flush_all
 .text          0x00000000000109f8        0x8 ../ProjetoVersao4Problema2_bsp/\libhal_bsp.a(altera_nios2_qsys_irq.o)
                0x00000000000109f8                altera_nios2_qsys_irq_init
 .text          0x0000000000010a00        0x0 c:/intelfpga_lite/18.1/nios2eds/bin/gnu/h-x86_64-mingw32/bin/../lib/gcc/nios2-elf/5.3.0/../../../../../H-x86_64-mingw32/nios2-elf/lib/mno-hw-mul\libsmallc.a(lib_a-int_errno.o)
 .text          0x0000000000010a00      0x1b4 c:/intelfpga_lite/18.1/nios2eds/bin/gnu/h-x86_64-mingw32/bin/../lib/gcc/nios2-elf/5.3.0/mno-hw-mul\libgcc.a(lib2-divmod.o)
                0x0000000000010a00                __divsi3
                0x0000000000010a84                __modsi3
                0x0000000000010af8                __udivsi3
                0x0000000000010b5c                __umodsi3
 *(.gnu.warning.*)
 *(.fini)
                [!provide]                        PROVIDE (__etext, ABSOLUTE (.))
                [!provide]                        PROVIDE (_etext, ABSOLUTE (.))
                [!provide]                        PROVIDE (etext, ABSOLUTE (.))
 *(.eh_frame_hdr)
                0x0000000000010bb4                . = ALIGN (0x4)
                [!provide]                        PROVIDE (__preinit_array_start, ABSOLUTE (.))
 *(.preinit_array)
                [!provide]                        PROVIDE (__preinit_array_end, ABSOLUTE (.))
                [!provide]                        PROVIDE (__init_array_start, ABSOLUTE (.))
 *(.init_array)
                [!provide]                        PROVIDE (__init_array_end, ABSOLUTE (.))
                [!provide]                        PROVIDE (__fini_array_start, ABSOLUTE (.))
 *(.fini_array)
                [!provide]                        PROVIDE (__fini_array_end, ABSOLUTE (.))
 *(.eh_frame)
 *(.gcc_except_table .gcc_except_table.*)
 *(.dynamic)
                [!provide]                        PROVIDE (__CTOR_LIST__, ABSOLUTE (.))
 *(.ctors)
 *(SORT(.ctors.*))
                [!provide]                        PROVIDE (__CTOR_END__, ABSOLUTE (.))
                [!provide]                        PROVIDE (__DTOR_LIST__, ABSOLUTE (.))
 *(.dtors)
 *(SORT(.dtors.*))
                [!provide]                        PROVIDE (__DTOR_END__, ABSOLUTE (.))
 *(.jcr)
                0x0000000000010bb4                . = ALIGN (0x4)

.rodata         0x0000000000010bb4      0x148
                0x0000000000010bb4                PROVIDE (__ram_rodata_start, ABSOLUTE (.))
                0x0000000000010bb4                . = ALIGN (0x4)
 *(.rodata .rodata.* .gnu.linkonce.r.*)
 .rodata        0x0000000000010bb4       0xc5 obj/default/main.o
 *fill*         0x0000000000010c79        0x3 
 .rodata.str1.4
                0x0000000000010c7c       0x80 obj/default/main.o
 *(.rodata1)
                0x0000000000010cfc                . = ALIGN (0x4)
                0x0000000000010cfc                PROVIDE (__ram_rodata_end, ABSOLUTE (.))
                0x0000000000010bb4                PROVIDE (__flash_rodata_start, LOADADDR (.rodata))

.rwdata         0x0000000000010cfc        0xc load address 0x0000000000010d08
                0x0000000000010cfc                PROVIDE (__ram_rwdata_start, ABSOLUTE (.))
                0x0000000000010cfc                . = ALIGN (0x4)
 *(.got.plt)
 *(.got)
 *(.data1)
 *(.data .data.* .gnu.linkonce.d.*)
 .data          0x0000000000010cfc        0x0 ../ProjetoVersao4Problema2_bsp//obj/HAL/src/crt0.o
 .data          0x0000000000010cfc        0x0 obj/default/main.o
 .data          0x0000000000010cfc        0x0 c:/intelfpga_lite/18.1/nios2eds/bin/gnu/h-x86_64-mingw32/bin/../lib/gcc/nios2-elf/5.3.0/mno-hw-mul\libgcc.a(lib2-mul.o)
 .data          0x0000000000010cfc        0x0 c:/intelfpga_lite/18.1/nios2eds/bin/gnu/h-x86_64-mingw32/bin/../lib/gcc/nios2-elf/5.3.0/../../../../../H-x86_64-mingw32/nios2-elf/lib/mno-hw-mul\libsmallc.a(lib_a-memcpy.o)
 .data          0x0000000000010cfc        0x0 c:/intelfpga_lite/18.1/nios2eds/bin/gnu/h-x86_64-mingw32/bin/../lib/gcc/nios2-elf/5.3.0/../../../../../H-x86_64-mingw32/nios2-elf/lib/mno-hw-mul\libsmallc.a(lib_a-strlen.o)
 .data          0x0000000000010cfc        0x0 ../ProjetoVersao4Problema2_bsp/\libhal_bsp.a(alt_load.o)
 .data          0x0000000000010cfc        0x0 ../ProjetoVersao4Problema2_bsp/\libhal_bsp.a(alt_main.o)
 .data          0x0000000000010cfc        0x0 ../ProjetoVersao4Problema2_bsp/\libhal_bsp.a(alt_putstr.o)
 .data          0x0000000000010cfc        0x0 ../ProjetoVersao4Problema2_bsp/\libhal_bsp.a(alt_usleep.o)
 .data          0x0000000000010cfc        0x0 ../ProjetoVersao4Problema2_bsp/\libhal_bsp.a(alt_sys_init.o)
 .data          0x0000000000010cfc        0x0 ../ProjetoVersao4Problema2_bsp/\libhal_bsp.a(altera_avalon_uart_write.o)
 .data          0x0000000000010cfc        0x0 ../ProjetoVersao4Problema2_bsp/\libhal_bsp.a(alt_busy_sleep.o)
 .data          0x0000000000010cfc        0x0 ../ProjetoVersao4Problema2_bsp/\libhal_bsp.a(alt_dcache_flush_all.o)
 .data          0x0000000000010cfc        0x0 ../ProjetoVersao4Problema2_bsp/\libhal_bsp.a(alt_errno.o)
 .data          0x0000000000010cfc        0x0 ../ProjetoVersao4Problema2_bsp/\libhal_bsp.a(alt_icache_flush_all.o)
 .data          0x0000000000010cfc        0x0 ../ProjetoVersao4Problema2_bsp/\libhal_bsp.a(altera_nios2_qsys_irq.o)
 .data          0x0000000000010cfc        0x0 c:/intelfpga_lite/18.1/nios2eds/bin/gnu/h-x86_64-mingw32/bin/../lib/gcc/nios2-elf/5.3.0/../../../../../H-x86_64-mingw32/nios2-elf/lib/mno-hw-mul\libsmallc.a(lib_a-int_errno.o)
 .data          0x0000000000010cfc        0x0 c:/intelfpga_lite/18.1/nios2eds/bin/gnu/h-x86_64-mingw32/bin/../lib/gcc/nios2-elf/5.3.0/mno-hw-mul\libgcc.a(lib2-divmod.o)
                0x0000000000018cfc                _gp = ABSOLUTE ((. + 0x8000))
                [!provide]                        PROVIDE (gp, _gp)
 *(.rwdata .rwdata.*)
 *(.sdata .sdata.* .gnu.linkonce.s.*)
 .sdata         0x0000000000010cfc        0x8 ../ProjetoVersao4Problema2_bsp/\libhal_bsp.a(alt_sys_init.o)
                0x0000000000010cfc                uart_0
                0x0000000000010d00                jtag_uart_0
 .sdata         0x0000000000010d04        0x4 ../ProjetoVersao4Problema2_bsp/\libhal_bsp.a(alt_errno.o)
                0x0000000000010d04                alt_errno
 *(.sdata2 .sdata2.* .gnu.linkonce.s2.*)
                0x0000000000010d08                . = ALIGN (0x4)
                0x0000000000010d08                _edata = ABSOLUTE (.)
                [!provide]                        PROVIDE (edata, ABSOLUTE (.))
                0x0000000000010d08                PROVIDE (__ram_rwdata_end, ABSOLUTE (.))
                0x0000000000010d08                PROVIDE (__flash_rwdata_start, LOADADDR (.rwdata))

.bss            0x0000000000010d14       0x10
                0x0000000000010d14                __bss_start = ABSOLUTE (.)
                [!provide]                        PROVIDE (__sbss_start, ABSOLUTE (.))
                [!provide]                        PROVIDE (___sbss_start, ABSOLUTE (.))
 *(.dynsbss)
 *(.sbss .sbss.* .gnu.linkonce.sb.*)
 .sbss          0x0000000000010d14        0xc ../ProjetoVersao4Problema2_bsp/\libhal_bsp.a(alt_main.o)
                0x0000000000010d14                alt_envp
                0x0000000000010d18                alt_argv
                0x0000000000010d1c                alt_argc
 .sbss          0x0000000000010d20        0x4 c:/intelfpga_lite/18.1/nios2eds/bin/gnu/h-x86_64-mingw32/bin/../lib/gcc/nios2-elf/5.3.0/../../../../../H-x86_64-mingw32/nios2-elf/lib/mno-hw-mul\libsmallc.a(lib_a-int_errno.o)
                0x0000000000010d20                errno
 *(.sbss2 .sbss2.* .gnu.linkonce.sb2.*)
 *(.scommon)
                [!provide]                        PROVIDE (__sbss_end, ABSOLUTE (.))
                [!provide]                        PROVIDE (___sbss_end, ABSOLUTE (.))
 *(.dynbss)
 *(.bss .bss.* .gnu.linkonce.b.*)
 .bss           0x0000000000010d24        0x0 ../ProjetoVersao4Problema2_bsp//obj/HAL/src/crt0.o
 .bss           0x0000000000010d24        0x0 obj/default/main.o
 .bss           0x0000000000010d24        0x0 c:/intelfpga_lite/18.1/nios2eds/bin/gnu/h-x86_64-mingw32/bin/../lib/gcc/nios2-elf/5.3.0/mno-hw-mul\libgcc.a(lib2-mul.o)
 .bss           0x0000000000010d24        0x0 c:/intelfpga_lite/18.1/nios2eds/bin/gnu/h-x86_64-mingw32/bin/../lib/gcc/nios2-elf/5.3.0/../../../../../H-x86_64-mingw32/nios2-elf/lib/mno-hw-mul\libsmallc.a(lib_a-memcpy.o)
 .bss           0x0000000000010d24        0x0 c:/intelfpga_lite/18.1/nios2eds/bin/gnu/h-x86_64-mingw32/bin/../lib/gcc/nios2-elf/5.3.0/../../../../../H-x86_64-mingw32/nios2-elf/lib/mno-hw-mul\libsmallc.a(lib_a-strlen.o)
 .bss           0x0000000000010d24        0x0 ../ProjetoVersao4Problema2_bsp/\libhal_bsp.a(alt_load.o)
 .bss           0x0000000000010d24        0x0 ../ProjetoVersao4Problema2_bsp/\libhal_bsp.a(alt_main.o)
 .bss           0x0000000000010d24        0x0 ../ProjetoVersao4Problema2_bsp/\libhal_bsp.a(alt_putstr.o)
 .bss           0x0000000000010d24        0x0 ../ProjetoVersao4Problema2_bsp/\libhal_bsp.a(alt_usleep.o)
 .bss           0x0000000000010d24        0x0 ../ProjetoVersao4Problema2_bsp/\libhal_bsp.a(alt_sys_init.o)
 .bss           0x0000000000010d24        0x0 ../ProjetoVersao4Problema2_bsp/\libhal_bsp.a(altera_avalon_uart_write.o)
 .bss           0x0000000000010d24        0x0 ../ProjetoVersao4Problema2_bsp/\libhal_bsp.a(alt_busy_sleep.o)
 .bss           0x0000000000010d24        0x0 ../ProjetoVersao4Problema2_bsp/\libhal_bsp.a(alt_dcache_flush_all.o)
 .bss           0x0000000000010d24        0x0 ../ProjetoVersao4Problema2_bsp/\libhal_bsp.a(alt_errno.o)
 .bss           0x0000000000010d24        0x0 ../ProjetoVersao4Problema2_bsp/\libhal_bsp.a(alt_icache_flush_all.o)
 .bss           0x0000000000010d24        0x0 ../ProjetoVersao4Problema2_bsp/\libhal_bsp.a(altera_nios2_qsys_irq.o)
 .bss           0x0000000000010d24        0x0 c:/intelfpga_lite/18.1/nios2eds/bin/gnu/h-x86_64-mingw32/bin/../lib/gcc/nios2-elf/5.3.0/../../../../../H-x86_64-mingw32/nios2-elf/lib/mno-hw-mul\libsmallc.a(lib_a-int_errno.o)
 .bss           0x0000000000010d24        0x0 c:/intelfpga_lite/18.1/nios2eds/bin/gnu/h-x86_64-mingw32/bin/../lib/gcc/nios2-elf/5.3.0/mno-hw-mul\libgcc.a(lib2-divmod.o)
 *(COMMON)
                0x0000000000010d24                . = ALIGN (0x4)
                0x0000000000010d24                __bss_end = ABSOLUTE (.)

.onchip_memory2_0
                0x0000000000010d24        0x0
                [!provide]                        PROVIDE (_alt_partition_onchip_memory2_0_start, ABSOLUTE (.))
 *(.onchip_memory2_0 .onchip_memory2_0. onchip_memory2_0.*)
                0x0000000000010d24                . = ALIGN (0x4)
                [!provide]                        PROVIDE (_alt_partition_onchip_memory2_0_end, ABSOLUTE (.))
                0x0000000000010d24                _end = ABSOLUTE (.)
                0x0000000000010d24                end = ABSOLUTE (.)
                0x0000000000010d24                __alt_stack_base = ABSOLUTE (.)
                [!provide]                        PROVIDE (_alt_partition_onchip_memory2_0_load_addr, LOADADDR (.onchip_memory2_0))

.stab
 *(.stab)

.stabstr
 *(.stabstr)

.stab.excl
 *(.stab.excl)

.stab.exclstr
 *(.stab.exclstr)

.stab.index
 *(.stab.index)

.stab.indexstr
 *(.stab.indexstr)

.comment        0x0000000000000000       0x23
 *(.comment)
 .comment       0x0000000000000000       0x23 obj/default/main.o
                                         0x24 (size before relaxing)
 .comment       0x0000000000000023       0x24 c:/intelfpga_lite/18.1/nios2eds/bin/gnu/h-x86_64-mingw32/bin/../lib/gcc/nios2-elf/5.3.0/mno-hw-mul\libgcc.a(lib2-mul.o)
 .comment       0x0000000000000023       0x24 c:/intelfpga_lite/18.1/nios2eds/bin/gnu/h-x86_64-mingw32/bin/../lib/gcc/nios2-elf/5.3.0/../../../../../H-x86_64-mingw32/nios2-elf/lib/mno-hw-mul\libsmallc.a(lib_a-memcpy.o)
 .comment       0x0000000000000023       0x24 c:/intelfpga_lite/18.1/nios2eds/bin/gnu/h-x86_64-mingw32/bin/../lib/gcc/nios2-elf/5.3.0/../../../../../H-x86_64-mingw32/nios2-elf/lib/mno-hw-mul\libsmallc.a(lib_a-strlen.o)
 .comment       0x0000000000000023       0x24 ../ProjetoVersao4Problema2_bsp/\libhal_bsp.a(alt_load.o)
 .comment       0x0000000000000023       0x24 ../ProjetoVersao4Problema2_bsp/\libhal_bsp.a(alt_main.o)
 .comment       0x0000000000000023       0x24 ../ProjetoVersao4Problema2_bsp/\libhal_bsp.a(alt_putstr.o)
 .comment       0x0000000000000023       0x24 ../ProjetoVersao4Problema2_bsp/\libhal_bsp.a(alt_usleep.o)
 .comment       0x0000000000000023       0x24 ../ProjetoVersao4Problema2_bsp/\libhal_bsp.a(alt_sys_init.o)
 .comment       0x0000000000000023       0x24 ../ProjetoVersao4Problema2_bsp/\libhal_bsp.a(altera_avalon_uart_write.o)
 .comment       0x0000000000000023       0x24 ../ProjetoVersao4Problema2_bsp/\libhal_bsp.a(alt_busy_sleep.o)
 .comment       0x0000000000000023       0x24 ../ProjetoVersao4Problema2_bsp/\libhal_bsp.a(alt_dcache_flush_all.o)
 .comment       0x0000000000000023       0x24 ../ProjetoVersao4Problema2_bsp/\libhal_bsp.a(alt_errno.o)
 .comment       0x0000000000000023       0x24 ../ProjetoVersao4Problema2_bsp/\libhal_bsp.a(alt_icache_flush_all.o)
 .comment       0x0000000000000023       0x24 ../ProjetoVersao4Problema2_bsp/\libhal_bsp.a(altera_nios2_qsys_irq.o)
 .comment       0x0000000000000023       0x24 c:/intelfpga_lite/18.1/nios2eds/bin/gnu/h-x86_64-mingw32/bin/../lib/gcc/nios2-elf/5.3.0/../../../../../H-x86_64-mingw32/nios2-elf/lib/mno-hw-mul\libsmallc.a(lib_a-int_errno.o)
 .comment       0x0000000000000023       0x24 c:/intelfpga_lite/18.1/nios2eds/bin/gnu/h-x86_64-mingw32/bin/../lib/gcc/nios2-elf/5.3.0/mno-hw-mul\libgcc.a(lib2-divmod.o)

.debug
 *(.debug)

.line
 *(.line)

.debug_srcinfo
 *(.debug_srcinfo)

.debug_sfnames
 *(.debug_sfnames)

.debug_aranges  0x0000000000000000      0x240
 *(.debug_aranges)
 .debug_aranges
                0x0000000000000000       0x28 ../ProjetoVersao4Problema2_bsp//obj/HAL/src/crt0.o
 .debug_aranges
                0x0000000000000028       0x28 obj/default/main.o
 .debug_aranges
                0x0000000000000050       0x20 c:/intelfpga_lite/18.1/nios2eds/bin/gnu/h-x86_64-mingw32/bin/../lib/gcc/nios2-elf/5.3.0/mno-hw-mul\libgcc.a(lib2-mul.o)
 .debug_aranges
                0x0000000000000070       0x20 c:/intelfpga_lite/18.1/nios2eds/bin/gnu/h-x86_64-mingw32/bin/../lib/gcc/nios2-elf/5.3.0/../../../../../H-x86_64-mingw32/nios2-elf/lib/mno-hw-mul\libsmallc.a(lib_a-memcpy.o)
 .debug_aranges
                0x0000000000000090       0x20 c:/intelfpga_lite/18.1/nios2eds/bin/gnu/h-x86_64-mingw32/bin/../lib/gcc/nios2-elf/5.3.0/../../../../../H-x86_64-mingw32/nios2-elf/lib/mno-hw-mul\libsmallc.a(lib_a-strlen.o)
 .debug_aranges
                0x00000000000000b0       0x20 ../ProjetoVersao4Problema2_bsp/\libhal_bsp.a(alt_load.o)
 .debug_aranges
                0x00000000000000d0       0x20 ../ProjetoVersao4Problema2_bsp/\libhal_bsp.a(alt_main.o)
 .debug_aranges
                0x00000000000000f0       0x20 ../ProjetoVersao4Problema2_bsp/\libhal_bsp.a(alt_putstr.o)
 .debug_aranges
                0x0000000000000110       0x20 ../ProjetoVersao4Problema2_bsp/\libhal_bsp.a(alt_usleep.o)
 .debug_aranges
                0x0000000000000130       0x20 ../ProjetoVersao4Problema2_bsp/\libhal_bsp.a(alt_sys_init.o)
 .debug_aranges
                0x0000000000000150       0x20 ../ProjetoVersao4Problema2_bsp/\libhal_bsp.a(altera_avalon_uart_write.o)
 .debug_aranges
                0x0000000000000170       0x20 ../ProjetoVersao4Problema2_bsp/\libhal_bsp.a(alt_busy_sleep.o)
 .debug_aranges
                0x0000000000000190       0x20 ../ProjetoVersao4Problema2_bsp/\libhal_bsp.a(alt_dcache_flush_all.o)
 .debug_aranges
                0x00000000000001b0       0x18 ../ProjetoVersao4Problema2_bsp/\libhal_bsp.a(alt_errno.o)
 .debug_aranges
                0x00000000000001c8       0x20 ../ProjetoVersao4Problema2_bsp/\libhal_bsp.a(alt_icache_flush_all.o)
 .debug_aranges
                0x00000000000001e8       0x20 ../ProjetoVersao4Problema2_bsp/\libhal_bsp.a(altera_nios2_qsys_irq.o)
 .debug_aranges
                0x0000000000000208       0x18 c:/intelfpga_lite/18.1/nios2eds/bin/gnu/h-x86_64-mingw32/bin/../lib/gcc/nios2-elf/5.3.0/../../../../../H-x86_64-mingw32/nios2-elf/lib/mno-hw-mul\libsmallc.a(lib_a-int_errno.o)
 .debug_aranges
                0x0000000000000220       0x20 c:/intelfpga_lite/18.1/nios2eds/bin/gnu/h-x86_64-mingw32/bin/../lib/gcc/nios2-elf/5.3.0/mno-hw-mul\libgcc.a(lib2-divmod.o)

.debug_pubnames
 *(.debug_pubnames)

.debug_info     0x0000000000000000     0x1cb5
 *(.debug_info .gnu.linkonce.wi.*)
 .debug_info    0x0000000000000000       0x86 ../ProjetoVersao4Problema2_bsp//obj/HAL/src/crt0.o
 .debug_info    0x0000000000000086      0xa58 obj/default/main.o
 .debug_info    0x0000000000000ade       0xb4 c:/intelfpga_lite/18.1/nios2eds/bin/gnu/h-x86_64-mingw32/bin/../lib/gcc/nios2-elf/5.3.0/mno-hw-mul\libgcc.a(lib2-mul.o)
 .debug_info    0x0000000000000b92      0x119 c:/intelfpga_lite/18.1/nios2eds/bin/gnu/h-x86_64-mingw32/bin/../lib/gcc/nios2-elf/5.3.0/../../../../../H-x86_64-mingw32/nios2-elf/lib/mno-hw-mul\libsmallc.a(lib_a-memcpy.o)
 .debug_info    0x0000000000000cab       0xc9 c:/intelfpga_lite/18.1/nios2eds/bin/gnu/h-x86_64-mingw32/bin/../lib/gcc/nios2-elf/5.3.0/../../../../../H-x86_64-mingw32/nios2-elf/lib/mno-hw-mul\libsmallc.a(lib_a-strlen.o)
 .debug_info    0x0000000000000d74      0x1c9 ../ProjetoVersao4Problema2_bsp/\libhal_bsp.a(alt_load.o)
 .debug_info    0x0000000000000f3d      0x169 ../ProjetoVersao4Problema2_bsp/\libhal_bsp.a(alt_main.o)
 .debug_info    0x00000000000010a6      0x13a ../ProjetoVersao4Problema2_bsp/\libhal_bsp.a(alt_putstr.o)
 .debug_info    0x00000000000011e0       0xd1 ../ProjetoVersao4Problema2_bsp/\libhal_bsp.a(alt_usleep.o)
 .debug_info    0x00000000000012b1      0x1ba ../ProjetoVersao4Problema2_bsp/\libhal_bsp.a(alt_sys_init.o)
 .debug_info    0x000000000000146b      0x1c6 ../ProjetoVersao4Problema2_bsp/\libhal_bsp.a(altera_avalon_uart_write.o)
 .debug_info    0x0000000000001631       0xd8 ../ProjetoVersao4Problema2_bsp/\libhal_bsp.a(alt_busy_sleep.o)
 .debug_info    0x0000000000001709       0x92 ../ProjetoVersao4Problema2_bsp/\libhal_bsp.a(alt_dcache_flush_all.o)
 .debug_info    0x000000000000179b       0xa6 ../ProjetoVersao4Problema2_bsp/\libhal_bsp.a(alt_errno.o)
 .debug_info    0x0000000000001841       0x92 ../ProjetoVersao4Problema2_bsp/\libhal_bsp.a(alt_icache_flush_all.o)
 .debug_info    0x00000000000018d3       0x92 ../ProjetoVersao4Problema2_bsp/\libhal_bsp.a(altera_nios2_qsys_irq.o)
 .debug_info    0x0000000000001965       0x8a c:/intelfpga_lite/18.1/nios2eds/bin/gnu/h-x86_64-mingw32/bin/../lib/gcc/nios2-elf/5.3.0/../../../../../H-x86_64-mingw32/nios2-elf/lib/mno-hw-mul\libsmallc.a(lib_a-int_errno.o)
 .debug_info    0x00000000000019ef      0x2c6 c:/intelfpga_lite/18.1/nios2eds/bin/gnu/h-x86_64-mingw32/bin/../lib/gcc/nios2-elf/5.3.0/mno-hw-mul\libgcc.a(lib2-divmod.o)

.debug_abbrev   0x0000000000000000      0xc14
 *(.debug_abbrev)
 .debug_abbrev  0x0000000000000000       0x12 ../ProjetoVersao4Problema2_bsp//obj/HAL/src/crt0.o
 .debug_abbrev  0x0000000000000012      0x271 obj/default/main.o
 .debug_abbrev  0x0000000000000283       0x6f c:/intelfpga_lite/18.1/nios2eds/bin/gnu/h-x86_64-mingw32/bin/../lib/gcc/nios2-elf/5.3.0/mno-hw-mul\libgcc.a(lib2-mul.o)
 .debug_abbrev  0x00000000000002f2       0x9c c:/intelfpga_lite/18.1/nios2eds/bin/gnu/h-x86_64-mingw32/bin/../lib/gcc/nios2-elf/5.3.0/../../../../../H-x86_64-mingw32/nios2-elf/lib/mno-hw-mul\libsmallc.a(lib_a-memcpy.o)
 .debug_abbrev  0x000000000000038e       0x7f c:/intelfpga_lite/18.1/nios2eds/bin/gnu/h-x86_64-mingw32/bin/../lib/gcc/nios2-elf/5.3.0/../../../../../H-x86_64-mingw32/nios2-elf/lib/mno-hw-mul\libsmallc.a(lib_a-strlen.o)
 .debug_abbrev  0x000000000000040d       0xd8 ../ProjetoVersao4Problema2_bsp/\libhal_bsp.a(alt_load.o)
 .debug_abbrev  0x00000000000004e5       0xee ../ProjetoVersao4Problema2_bsp/\libhal_bsp.a(alt_main.o)
 .debug_abbrev  0x00000000000005d3       0xd3 ../ProjetoVersao4Problema2_bsp/\libhal_bsp.a(alt_putstr.o)
 .debug_abbrev  0x00000000000006a6       0x8d ../ProjetoVersao4Problema2_bsp/\libhal_bsp.a(alt_usleep.o)
 .debug_abbrev  0x0000000000000733      0x107 ../ProjetoVersao4Problema2_bsp/\libhal_bsp.a(alt_sys_init.o)
 .debug_abbrev  0x000000000000083a       0xe8 ../ProjetoVersao4Problema2_bsp/\libhal_bsp.a(altera_avalon_uart_write.o)
 .debug_abbrev  0x0000000000000922       0x8d ../ProjetoVersao4Problema2_bsp/\libhal_bsp.a(alt_busy_sleep.o)
 .debug_abbrev  0x00000000000009af       0x42 ../ProjetoVersao4Problema2_bsp/\libhal_bsp.a(alt_dcache_flush_all.o)
 .debug_abbrev  0x00000000000009f1       0x5a ../ProjetoVersao4Problema2_bsp/\libhal_bsp.a(alt_errno.o)
 .debug_abbrev  0x0000000000000a4b       0x42 ../ProjetoVersao4Problema2_bsp/\libhal_bsp.a(alt_icache_flush_all.o)
 .debug_abbrev  0x0000000000000a8d       0x42 ../ProjetoVersao4Problema2_bsp/\libhal_bsp.a(altera_nios2_qsys_irq.o)
 .debug_abbrev  0x0000000000000acf       0x37 c:/intelfpga_lite/18.1/nios2eds/bin/gnu/h-x86_64-mingw32/bin/../lib/gcc/nios2-elf/5.3.0/../../../../../H-x86_64-mingw32/nios2-elf/lib/mno-hw-mul\libsmallc.a(lib_a-int_errno.o)
 .debug_abbrev  0x0000000000000b06      0x10e c:/intelfpga_lite/18.1/nios2eds/bin/gnu/h-x86_64-mingw32/bin/../lib/gcc/nios2-elf/5.3.0/mno-hw-mul\libgcc.a(lib2-divmod.o)

.debug_line     0x0000000000000000      0xec0
 *(.debug_line)
 .debug_line    0x0000000000000000       0x66 ../ProjetoVersao4Problema2_bsp//obj/HAL/src/crt0.o
 .debug_line    0x0000000000000066      0x2f5 obj/default/main.o
 .debug_line    0x000000000000035b       0x80 c:/intelfpga_lite/18.1/nios2eds/bin/gnu/h-x86_64-mingw32/bin/../lib/gcc/nios2-elf/5.3.0/mno-hw-mul\libgcc.a(lib2-mul.o)
 .debug_line    0x00000000000003db      0x15e c:/intelfpga_lite/18.1/nios2eds/bin/gnu/h-x86_64-mingw32/bin/../lib/gcc/nios2-elf/5.3.0/../../../../../H-x86_64-mingw32/nios2-elf/lib/mno-hw-mul\libsmallc.a(lib_a-memcpy.o)
 .debug_line    0x0000000000000539      0x15c c:/intelfpga_lite/18.1/nios2eds/bin/gnu/h-x86_64-mingw32/bin/../lib/gcc/nios2-elf/5.3.0/../../../../../H-x86_64-mingw32/nios2-elf/lib/mno-hw-mul\libsmallc.a(lib_a-strlen.o)
 .debug_line    0x0000000000000695       0xa4 ../ProjetoVersao4Problema2_bsp/\libhal_bsp.a(alt_load.o)
 .debug_line    0x0000000000000739       0xbd ../ProjetoVersao4Problema2_bsp/\libhal_bsp.a(alt_main.o)
 .debug_line    0x00000000000007f6       0xa0 ../ProjetoVersao4Problema2_bsp/\libhal_bsp.a(alt_putstr.o)
 .debug_line    0x0000000000000896       0xcf ../ProjetoVersao4Problema2_bsp/\libhal_bsp.a(alt_usleep.o)
 .debug_line    0x0000000000000965      0x119 ../ProjetoVersao4Problema2_bsp/\libhal_bsp.a(alt_sys_init.o)
 .debug_line    0x0000000000000a7e       0xec ../ProjetoVersao4Problema2_bsp/\libhal_bsp.a(altera_avalon_uart_write.o)
 .debug_line    0x0000000000000b6a       0xb5 ../ProjetoVersao4Problema2_bsp/\libhal_bsp.a(alt_busy_sleep.o)
 .debug_line    0x0000000000000c1f       0x4e ../ProjetoVersao4Problema2_bsp/\libhal_bsp.a(alt_dcache_flush_all.o)
 .debug_line    0x0000000000000c6d       0x51 ../ProjetoVersao4Problema2_bsp/\libhal_bsp.a(alt_errno.o)
 .debug_line    0x0000000000000cbe       0x4e ../ProjetoVersao4Problema2_bsp/\libhal_bsp.a(alt_icache_flush_all.o)
 .debug_line    0x0000000000000d0c       0x50 ../ProjetoVersao4Problema2_bsp/\libhal_bsp.a(altera_nios2_qsys_irq.o)
 .debug_line    0x0000000000000d5c       0x5f c:/intelfpga_lite/18.1/nios2eds/bin/gnu/h-x86_64-mingw32/bin/../lib/gcc/nios2-elf/5.3.0/../../../../../H-x86_64-mingw32/nios2-elf/lib/mno-hw-mul\libsmallc.a(lib_a-int_errno.o)
 .debug_line    0x0000000000000dbb      0x105 c:/intelfpga_lite/18.1/nios2eds/bin/gnu/h-x86_64-mingw32/bin/../lib/gcc/nios2-elf/5.3.0/mno-hw-mul\libgcc.a(lib2-divmod.o)

.debug_frame    0x0000000000000000      0x380
 *(.debug_frame)
 .debug_frame   0x0000000000000000      0x124 obj/default/main.o
 .debug_frame   0x0000000000000124       0x20 c:/intelfpga_lite/18.1/nios2eds/bin/gnu/h-x86_64-mingw32/bin/../lib/gcc/nios2-elf/5.3.0/mno-hw-mul\libgcc.a(lib2-mul.o)
 .debug_frame   0x0000000000000144       0x20 c:/intelfpga_lite/18.1/nios2eds/bin/gnu/h-x86_64-mingw32/bin/../lib/gcc/nios2-elf/5.3.0/../../../../../H-x86_64-mingw32/nios2-elf/lib/mno-hw-mul\libsmallc.a(lib_a-memcpy.o)
 .debug_frame   0x0000000000000164       0x20 c:/intelfpga_lite/18.1/nios2eds/bin/gnu/h-x86_64-mingw32/bin/../lib/gcc/nios2-elf/5.3.0/../../../../../H-x86_64-mingw32/nios2-elf/lib/mno-hw-mul\libsmallc.a(lib_a-strlen.o)
 .debug_frame   0x0000000000000184       0x30 ../ProjetoVersao4Problema2_bsp/\libhal_bsp.a(alt_load.o)
 .debug_frame   0x00000000000001b4       0x2c ../ProjetoVersao4Problema2_bsp/\libhal_bsp.a(alt_main.o)
 .debug_frame   0x00000000000001e0       0x30 ../ProjetoVersao4Problema2_bsp/\libhal_bsp.a(alt_putstr.o)
 .debug_frame   0x0000000000000210       0x20 ../ProjetoVersao4Problema2_bsp/\libhal_bsp.a(alt_usleep.o)
 .debug_frame   0x0000000000000230       0x3c ../ProjetoVersao4Problema2_bsp/\libhal_bsp.a(alt_sys_init.o)
 .debug_frame   0x000000000000026c       0x34 ../ProjetoVersao4Problema2_bsp/\libhal_bsp.a(altera_avalon_uart_write.o)
 .debug_frame   0x00000000000002a0       0x30 ../ProjetoVersao4Problema2_bsp/\libhal_bsp.a(alt_busy_sleep.o)
 .debug_frame   0x00000000000002d0       0x20 ../ProjetoVersao4Problema2_bsp/\libhal_bsp.a(alt_dcache_flush_all.o)
 .debug_frame   0x00000000000002f0       0x20 ../ProjetoVersao4Problema2_bsp/\libhal_bsp.a(alt_icache_flush_all.o)
 .debug_frame   0x0000000000000310       0x20 ../ProjetoVersao4Problema2_bsp/\libhal_bsp.a(altera_nios2_qsys_irq.o)
 .debug_frame   0x0000000000000330       0x50 c:/intelfpga_lite/18.1/nios2eds/bin/gnu/h-x86_64-mingw32/bin/../lib/gcc/nios2-elf/5.3.0/mno-hw-mul\libgcc.a(lib2-divmod.o)

.debug_str      0x0000000000000000      0xac0
 *(.debug_str)
 .debug_str     0x0000000000000000      0x2b3 obj/default/main.o
                                        0x2f8 (size before relaxing)
 .debug_str     0x00000000000002b3      0x148 c:/intelfpga_lite/18.1/nios2eds/bin/gnu/h-x86_64-mingw32/bin/../lib/gcc/nios2-elf/5.3.0/mno-hw-mul\libgcc.a(lib2-mul.o)
                                        0x193 (size before relaxing)
 .debug_str     0x00000000000003fb      0x14e c:/intelfpga_lite/18.1/nios2eds/bin/gnu/h-x86_64-mingw32/bin/../lib/gcc/nios2-elf/5.3.0/../../../../../H-x86_64-mingw32/nios2-elf/lib/mno-hw-mul\libsmallc.a(lib_a-memcpy.o)
                                        0x1f3 (size before relaxing)
 .debug_str     0x0000000000000549       0x3d c:/intelfpga_lite/18.1/nios2eds/bin/gnu/h-x86_64-mingw32/bin/../lib/gcc/nios2-elf/5.3.0/../../../../../H-x86_64-mingw32/nios2-elf/lib/mno-hw-mul\libsmallc.a(lib_a-strlen.o)
                                        0x1e5 (size before relaxing)
 .debug_str     0x0000000000000586      0x165 ../ProjetoVersao4Problema2_bsp/\libhal_bsp.a(alt_load.o)
                                        0x254 (size before relaxing)
 .debug_str     0x00000000000006eb       0x5e ../ProjetoVersao4Problema2_bsp/\libhal_bsp.a(alt_main.o)
                                        0x1cd (size before relaxing)
 .debug_str     0x0000000000000749       0x49 ../ProjetoVersao4Problema2_bsp/\libhal_bsp.a(alt_putstr.o)
                                        0x19b (size before relaxing)
 .debug_str     0x0000000000000792       0x2f ../ProjetoVersao4Problema2_bsp/\libhal_bsp.a(alt_usleep.o)
                                        0x16f (size before relaxing)
 .debug_str     0x00000000000007c1       0xb0 ../ProjetoVersao4Problema2_bsp/\libhal_bsp.a(alt_sys_init.o)
                                        0x279 (size before relaxing)
 .debug_str     0x0000000000000871       0x58 ../ProjetoVersao4Problema2_bsp/\libhal_bsp.a(altera_avalon_uart_write.o)
                                        0x221 (size before relaxing)
 .debug_str     0x00000000000008c9       0x33 ../ProjetoVersao4Problema2_bsp/\libhal_bsp.a(alt_busy_sleep.o)
                                        0x183 (size before relaxing)
 .debug_str     0x00000000000008fc       0x1f ../ProjetoVersao4Problema2_bsp/\libhal_bsp.a(alt_dcache_flush_all.o)
                                        0x16d (size before relaxing)
 .debug_str     0x000000000000091b       0x14 ../ProjetoVersao4Problema2_bsp/\libhal_bsp.a(alt_errno.o)
                                        0x15d (size before relaxing)
 .debug_str     0x000000000000092f       0x1f ../ProjetoVersao4Problema2_bsp/\libhal_bsp.a(alt_icache_flush_all.o)
                                        0x16d (size before relaxing)
 .debug_str     0x000000000000094e       0x20 ../ProjetoVersao4Problema2_bsp/\libhal_bsp.a(altera_nios2_qsys_irq.o)
                                        0x174 (size before relaxing)
 .debug_str     0x000000000000096e       0xd3 c:/intelfpga_lite/18.1/nios2eds/bin/gnu/h-x86_64-mingw32/bin/../lib/gcc/nios2-elf/5.3.0/../../../../../H-x86_64-mingw32/nios2-elf/lib/mno-hw-mul\libsmallc.a(lib_a-int_errno.o)
                                        0x1d8 (size before relaxing)
 .debug_str     0x0000000000000a41       0x7f c:/intelfpga_lite/18.1/nios2eds/bin/gnu/h-x86_64-mingw32/bin/../lib/gcc/nios2-elf/5.3.0/mno-hw-mul\libgcc.a(lib2-divmod.o)
                                        0x1d2 (size before relaxing)

.debug_loc      0x0000000000000000      0xc64
 *(.debug_loc)
 .debug_loc     0x0000000000000000      0x374 obj/default/main.o
 .debug_loc     0x0000000000000374       0x93 c:/intelfpga_lite/18.1/nios2eds/bin/gnu/h-x86_64-mingw32/bin/../lib/gcc/nios2-elf/5.3.0/mno-hw-mul\libgcc.a(lib2-mul.o)
 .debug_loc     0x0000000000000407      0x135 c:/intelfpga_lite/18.1/nios2eds/bin/gnu/h-x86_64-mingw32/bin/../lib/gcc/nios2-elf/5.3.0/../../../../../H-x86_64-mingw32/nios2-elf/lib/mno-hw-mul\libsmallc.a(lib_a-memcpy.o)
 .debug_loc     0x000000000000053c       0x1e c:/intelfpga_lite/18.1/nios2eds/bin/gnu/h-x86_64-mingw32/bin/../lib/gcc/nios2-elf/5.3.0/../../../../../H-x86_64-mingw32/nios2-elf/lib/mno-hw-mul\libsmallc.a(lib_a-strlen.o)
 .debug_loc     0x000000000000055a       0x37 ../ProjetoVersao4Problema2_bsp/\libhal_bsp.a(alt_putstr.o)
 .debug_loc     0x0000000000000591       0x21 ../ProjetoVersao4Problema2_bsp/\libhal_bsp.a(alt_usleep.o)
 .debug_loc     0x00000000000005b2       0x21 ../ProjetoVersao4Problema2_bsp/\libhal_bsp.a(alt_sys_init.o)
 .debug_loc     0x00000000000005d3      0x15c ../ProjetoVersao4Problema2_bsp/\libhal_bsp.a(altera_avalon_uart_write.o)
 .debug_loc     0x000000000000072f       0x67 ../ProjetoVersao4Problema2_bsp/\libhal_bsp.a(alt_busy_sleep.o)
 .debug_loc     0x0000000000000796      0x4ce c:/intelfpga_lite/18.1/nios2eds/bin/gnu/h-x86_64-mingw32/bin/../lib/gcc/nios2-elf/5.3.0/mno-hw-mul\libgcc.a(lib2-divmod.o)

.debug_macinfo
 *(.debug_macinfo)

.debug_weaknames
 *(.debug_weaknames)

.debug_funcnames
 *(.debug_funcnames)

.debug_typenames
 *(.debug_typenames)

.debug_varnames
 *(.debug_varnames)

.debug_alt_sim_info
                0x0000000000000000       0x40
 *(.debug_alt_sim_info)
 .debug_alt_sim_info
                0x0000000000000000       0x10 ../ProjetoVersao4Problema2_bsp//obj/HAL/src/crt0.o
 .debug_alt_sim_info
                0x0000000000000010       0x30 ../ProjetoVersao4Problema2_bsp/\libhal_bsp.a(alt_busy_sleep.o)
                0x0000000000019ca0                __alt_data_end = 0x19ca0
                0x0000000000019ca0                PROVIDE (__alt_stack_pointer, __alt_data_end)
                [!provide]                        PROVIDE (__alt_stack_limit, __alt_stack_base)
                [!provide]                        PROVIDE (__alt_heap_start, end)
                [!provide]                        PROVIDE (__alt_heap_limit, 0x19ca0)
OUTPUT(ProjetoVersao4Problema2.elf elf32-littlenios2)

.debug_ranges   0x0000000000000000      0x188
 .debug_ranges  0x0000000000000000       0x20 ../ProjetoVersao4Problema2_bsp//obj/HAL/src/crt0.o
 .debug_ranges  0x0000000000000020       0xa0 obj/default/main.o
 .debug_ranges  0x00000000000000c0       0x10 c:/intelfpga_lite/18.1/nios2eds/bin/gnu/h-x86_64-mingw32/bin/../lib/gcc/nios2-elf/5.3.0/../../../../../H-x86_64-mingw32/nios2-elf/lib/mno-hw-mul\libsmallc.a(lib_a-memcpy.o)
 .debug_ranges  0x00000000000000d0       0x10 c:/intelfpga_lite/18.1/nios2eds/bin/gnu/h-x86_64-mingw32/bin/../lib/gcc/nios2-elf/5.3.0/../../../../../H-x86_64-mingw32/nios2-elf/lib/mno-hw-mul\libsmallc.a(lib_a-strlen.o)
 .debug_ranges  0x00000000000000e0       0x48 ../ProjetoVersao4Problema2_bsp/\libhal_bsp.a(alt_load.o)
 .debug_ranges  0x0000000000000128       0x60 c:/intelfpga_lite/18.1/nios2eds/bin/gnu/h-x86_64-mingw32/bin/../lib/gcc/nios2-elf/5.3.0/mno-hw-mul\libgcc.a(lib2-divmod.o)
